// Jest Snapshot v1, https://goo.gl/fbAQLP

exports[`Home should render correctly 1`] = `
<div
  className="Lesson-complete-container"
>
  <h1
    className="Lesson-complete-text"
  >
    Congratulations
  </h1>
  <p>
    You have completed the course, if you would like more practice, you can click the reset button to start over.
  </p>
  <button
    className="App-btn Lesson-btn"
    id="resetButton"
    onClick={[MockFunction]}
  >
    Restart
  </button>
</div>
`;
