// Jest Snapshot v1, https://goo.gl/fbAQLP

exports[`Nav should render correctly 1`] = `
<aside
  className="Nav"
>
  <NavLink
    className="home-icon Nav-icon"
    to="/"
  >
    <i
      className="material-icons"
    >
      home
    </i>
  </NavLink>
  <button
    className="reset-icon Nav-icon"
  >
    <i
      className="material-icons"
    >
      loop
    </i>
  </button>
  <a
    className="help-icon Nav-icon"
    href="https://i.imgur.com/Wn8eOKG.png"
    rel="noopener noreferrer"
    target="_blank"
  >
    <i
      className="material-icons"
    >
      help_outline
    </i>
  </a>
</aside>
`;
